#
# A fatal error has been detected by the Java Runtime Environment:
#
#  EXCEPTION_ACCESS_VIOLATION (0xc0000005) at pc=0x00000185875866b9, pid=27116, tid=208580
#
# JRE version: Java(TM) SE Runtime Environment (21.0.5+9) (build 21.0.5+9-LTS-239)
# Java VM: Java HotSpot(TM) 64-Bit Server VM (21.0.5+9-LTS-239, mixed mode, sharing, tiered, compressed oops, compressed class ptrs, g1 gc, windows-amd64)
# Problematic frame:
# v  ~BufferBlob::MethodHandles adapters 0x00000185875866b9
#
# No core dump will be written. Minidumps are not enabled by default on client versions of Windows
#
# If you would like to submit a bug report, please visit:
#   https://bugreport.java.com/bugreport/crash.jsp
#

---------------  S U M M A R Y ------------

Command Line: -agentlib:jdwp=transport=dt_socket,server=n,suspend=y,address=localhost:58971 -XX:+ShowCodeDetailsInExceptionMessages com.IntegrityTool.IntegrityToolApplication

Host: 12th Gen Intel(R) Core(TM) i5-1235U, 12 cores, 15G,  Windows 11 , 64 bit Build 26100 (10.0.26100.3775)
Time: Fri Apr 18 19:54:13 2025 Eastern Daylight Time elapsed time: 130.913689 seconds (0d 0h 2m 10s)

---------------  T H R E A D  ---------------

Current thread (0x00000185e82692e0):  JavaThread "main"             [_thread_in_Java, id=208580, stack(0x0000006007400000,0x0000006007500000) (1024K)]

Stack: [0x0000006007400000,0x0000006007500000],  sp=0x00000060074fddd8,  free space=1015k
Native frames: (J=compiled Java code, j=interpreted, Vv=VM code, C=native code)
C  0x00000185875866b9

The last pc belongs to _linkToSpecial (printed below).

siginfo: EXCEPTION_ACCESS_VIOLATION (0xc0000005), reading address 0x00000003932b1358


Registers:
RAX=0x00000185875391b4, RBX=0x00000003932b1348, RCX=0x00000060074fdde0, RDX=0x0000000000000002
RSP=0x00000060074fddd8, RBP=0x00000060074fde28, RSI=0x00000185d37aacf8, RDI=0x00000185d03d58a0
R8 =0x0000000000000002, R9 =0x0000000000000002, R10=0x00000185902c0418, R11=0x000001858f0b6370
R12=0x0000000000000000, R13=0x00000060074fddd8, R14=0x00000060074fde48, R15=0x00000185e82692e0
RIP=0x00000185875866b9, EFLAGS=0x0000000000010206


Register to memory mapping:

RAX=0x00000185875391b4 is at code_begin+3380 in an Interpreter codelet
return entry points  [0x0000018587538480, 0x000001858753a590]  8464 bytes
RBX=0x00000003932b1348 is an unknown value
RCX=0x00000060074fdde0 is pointing into the stack for thread: 0x00000185e82692e0
RDX=0x0000000000000002 is an unknown value
RSP=0x00000060074fddd8 is pointing into the stack for thread: 0x00000185e82692e0
RBP=0x00000060074fde28 is pointing into the stack for thread: 0x00000185e82692e0
RSI=0x00000185d37aacf8 points into unknown readable memory: 0x88006874c514261c | 1c 26 14 c5 74 68 00 88
RDI=0x00000185d03d58a0 points into unknown readable memory: 0x0000001800000070 | 70 00 00 00 18 00 00 00
R8 =0x0000000000000002 is an unknown value
R9 =0x0000000000000002 is an unknown value
R10=0x00000185902c0418 is a pointer to class: 
com.IntegrityTool.service.util.EdiToXmlConverter {0x00000185902c0420}
 - instance size:     2
 - klass size:        65
 - access:            public synchronized 
 - flags:             rewritten has_nonstatic_fields should_verify_class has_localvariable_table has_resolved_methods has_been_redefined 
 - state:             fully_initialized
 - name:              'com/IntegrityTool/service/util/EdiToXmlConverter'
 - super:             'java/lang/Object'
 - sub:               
 - arrays:            null
 - methods:           Array<T>(0x00000185fdfeefa8)
 - method ordering:   Array<T>(0x00000185fdfef3f0)
 - default_methods:   Array<T>(0x0000000000000000)
 - local interfaces:  Array<T>(0x000001858f613ea0)
 - trans. interfaces: Array<T>(0x000001858f613ea0)
 - constants:         constant pool [100] {0x00000185fdfefbc0} for 'com/IntegrityTool/service/util/EdiToXmlConverter' cache=0x00000185fdff0000
 - class loader data:  loader data: 0x00000185fab46ce0 for instance a 'jdk/internal/loader/ClassLoaders$AppClassLoader'{0x0000000705075a28}
 - source file:       'EdiToXmlConverter.java'
 - class annotations:       Array<T>(0x00000185fdfef398)
 - class type annotations:  Array<T>(0x0000000000000000)
 - field annotations:       Array<T>(0x00000185fdfeef90)
 - field type annotations:  Array<T>(0x0000000000000000)
 - inner classes:     Array<T>(0x000001858f613e28)
 - nest members:     Array<T>(0x000001858f613e28)
 - permitted subclasses:     Array<T>(0x000001858f613e28)
 - java mirror:       a 'java/lang/Class'{0x0000000705be2d88} = 'com/IntegrityTool/service/util/EdiToXmlConverter'
 - vtable length      6  (start addr: 0x00000185902c05d8)
 - itable length      2 (start addr: 0x00000185902c0608)
 - ---- static fields (1 words):
 - private static 'smooks' 'Lorg/smooks/Smooks;' @112 
 - ---- non-static fields (1 words):
 - private 'SMOOKS_CONFIG' 'Ljava/lang/String;' @12 
 - non-static oop maps: 12-12 
R11={method} {0x000001858f0b6378} 'newInvokeSpecial' '(Ljava/lang/Object;)Ljava/lang/Object;' in 'java/lang/invoke/DirectMethodHandle$Holder'
R12=0x0 is null
R13=0x00000060074fddd8 is pointing into the stack for thread: 0x00000185e82692e0
R14=0x00000060074fde48 is pointing into the stack for thread: 0x00000185e82692e0
R15=0x00000185e82692e0 is a thread

Top of Stack: (sp=0x00000060074fddd8)
0x00000060074fddd8:   00000185875391b4 00000060074fdde0
0x00000060074fdde8:   000001858f72e53f 0000000000000004
0x00000060074fddf8:   000001858f0b1828 00000185fba277d8
0x00000060074fde08:   000000070507e6d8 000001858f0b6370
0x00000060074fde18:   00000060074fddd8 00000060074fde50
0x00000060074fde28:   00000060074fe1e0 00000185803d7282
0x00000060074fde38:   0000000713a89018 0000000713a890c0
0x00000060074fde48:   0000000713a89078 0000000000000000
0x00000060074fde58:   00000060074fdea0 00000060074fe1e0
0x00000060074fde68:   00000185809716f4 000000070508dfe8
0x00000060074fde78:   0000000713a89078 0000000000000000
0x00000060074fde88:   0000000713a89048 0000000713a88518
0x00000060074fde98:   00000185809716f4 0000000000000000
0x00000060074fdea8:   0000000000000000 0000000000000000
0x00000060074fdeb8:   0000000000000000 0000000000000000
0x00000060074fdec8:   0000000000000000 0000000000000000
0x00000060074fded8:   0000000000000000 0000000000000000
0x00000060074fdee8:   0000000000000000 0000000000000000
0x00000060074fdef8:   0000000713a890a8 0000000713a88e80
0x00000060074fdf08:   0000000700000000 0000000713a88518
0x00000060074fdf18:   0000000713a88590 0000000713a88590
0x00000060074fdf28:   0000000705be2d88 0000000705be2d88
0x00000060074fdf38:   0000000000000001 00000060074fe1e0
0x00000060074fdf48:   00000185807b1e0c 0000000000000000
0x00000060074fdf58:   0000000713a89078 00000060074fe1e0
0x00000060074fdf68:   00000185803f4334 0000000000000000
0x00000060074fdf78:   0000000000000000 0000000000000000
0x00000060074fdf88:   0000000000000000 00000185e82692e0
0x00000060074fdf98:   0000000000000000 0000000713a88590
0x00000060074fdfa8:   0000000000000000 0000000713a88518
0x00000060074fdfb8:   0000000713a890a8 0000000713a88590
0x00000060074fdfc8:   0000000000000000 00000060074fdf00 

Instructions: (pc=0x00000185875866b9)
0x00000185875865b9:   03 8b 5b 24 48 c1 e3 03 48 8b 5b 10 48 85 db 0f
0x00000185875865c9:   84 10 00 00 00 41 80 bf d8 05 00 00 00 74 03 ff
0x00000185875865d9:   63 38 ff 63 50 e9 1d c0 fd ff 66 66 66 0f 1f 84
0x00000185875865e9:   00 00 00 00 00 66 66 66 90 66 66 0f 1f 84 00 00
0x00000185875865f9:   00 00 00 66 66 66 90 48 8b 53 08 0f b7 52 2e 48
0x0000018587586609:   8b 0c d4 58 5b 50 44 8b 51 08 49 bb 00 00 00 8f
0x0000018587586619:   85 01 00 00 4d 03 d3 4c 8b 5b 10 4b 8b 9c da c0
0x0000018587586629:   01 00 00 48 85 db 0f 84 10 00 00 00 41 80 bf d8
0x0000018587586639:   05 00 00 00 74 03 ff 63 38 ff 63 50 e9 b6 bf fd
0x0000018587586649:   ff 66 66 66 0f 1f 84 00 00 00 00 00 66 66 66 90
0x0000018587586659:   0f 1f 80 00 00 00 00 58 5b 50 8b 5b 24 48 c1 e3
0x0000018587586669:   03 48 8b 5b 10 48 85 db 0f 84 10 00 00 00 41 80
0x0000018587586679:   bf d8 05 00 00 00 74 03 ff 63 38 ff 63 50 e9 74
0x0000018587586689:   bf fd ff 66 66 66 0f 1f 84 00 00 00 00 00 66 66
0x0000018587586699:   66 90 0f 1f 44 00 00 48 8b 53 08 0f b7 52 2e 48
0x00000185875866a9:   8b 0c d4 58 5b 50 48 3b 01 8b 5b 24 48 c1 e3 03
0x00000185875866b9:   48 8b 5b 10 48 85 db 0f 84 10 00 00 00 41 80 bf
0x00000185875866c9:   d8 05 00 00 00 74 03 ff 63 38 ff 63 50 e9 25 bf
0x00000185875866d9:   fd ff 0f 1f 44 00 00 48 8b 53 08 0f b7 52 2e 48
0x00000185875866e9:   8b 0c d4 58 5b 50 44 8b 51 08 49 bb 00 00 00 8f
0x00000185875866f9:   85 01 00 00 4d 03 d3 8b 43 18 48 c1 e0 03 48 8b
0x0000018587586709:   40 10 48 8b 5b 10 45 8b 9a a0 00 00 00 4f 8d 9c
0x0000018587586719:   da c0 01 00 00 4d 8d 14 da 49 8b 1b 48 3b c3 74
0x0000018587586729:   15 48 85 db 0f 84 32 00 00 00 49 83 c3 10 49 8b
0x0000018587586739:   1b 48 3b c3 75 eb 45 8b 5b 08 4b 8b 1c 1a 48 85
0x0000018587586749:   db 0f 84 10 00 00 00 41 80 bf d8 05 00 00 00 74
0x0000018587586759:   03 ff 63 38 ff 63 50 e9 9b be fd ff e9 96 bb fd
0x0000018587586769:   ff f4 00 00 00 00 00 00 00 00 00 00 00 00 00 00
0x0000018587586779:   00 00 00 00 00 00 00 00 00 00 00 00 00 00 00 00
0x0000018587586789:   00 00 00 00 00 00 00 00 00 00 00 00 00 00 00 00
0x0000018587586799:   00 00 00 00 00 00 00 00 00 00 00 00 00 00 00 00
0x00000185875867a9:   00 00 00 00 00 00 00 00 00 00 00 00 00 00 00 00 


Stack slot to memory mapping:

stack at sp + 0 slots: 0x00000185875391b4 is at code_begin+3380 in an Interpreter codelet
return entry points  [0x0000018587538480, 0x000001858753a590]  8464 bytes
stack at sp + 1 slots: 0x00000060074fdde0 is pointing into the stack for thread: 0x00000185e82692e0
stack at sp + 2 slots: 0x000001858f72e53f is pointing into metadata
stack at sp + 3 slots: 0x0000000000000004 is an unknown value
stack at sp + 4 slots: 0x000001858f0b1828 is pointing into metadata
stack at sp + 5 slots: 0x00000185fba277d8 is pointing into metadata
stack at sp + 6 slots: 0x000000070507e6d8 is an oop: java.lang.Class 
{0x000000070507e6d8} - klass: 'java/lang/Class'
 - ---- fields (total size 14 words):
 - private volatile transient 'classRedefinedCount' 'I' @12  0 (0x00000000)
 - injected 'klass' 'J' @16  1673142146048 (0x000001858f0b1400)
 - injected 'array_klass' 'J' @24  0 (0x0000000000000000)
 - injected 'oop_size' 'I' @32  14 (0x0000000e)
 - injected 'static_oop_field_count' 'I' @36  0 (0x00000000)
 - private volatile transient 'cachedConstructor' 'Ljava/lang/reflect/Constructor;' @40  null (0x00000000)
 - private transient 'name' 'Ljava/lang/String;' @44  null (0x00000000)
 - private transient 'module' 'Ljava/lang/Module;' @48  a 'java/lang/Module'{0x000000070508e610} (0xe0a11cc2)
 - private final 'classLoader' 'Ljava/lang/ClassLoader;' @52  null (0x00000000)
 - private transient 'classData' 'Ljava/lang/Object;' @56  null (0x00000000)
 - private transient 'packageName' 'Ljava/lang/String;' @60  null (0x00000000)
 - private final 'componentType' 'Ljava/lang/Class;' @64  null (0x00000000)
 - private volatile transient 'reflectionData' 'Ljava/lang/ref/SoftReference;' @68  null (0x00000000)
 - private volatile transient 'genericInfo' 'Lsun/reflect/generics/repository/ClassRepository;' @72  null (0x00000000)
 - private volatile transient 'enumConstants' '[Ljava/lang/Object;' @76  null (0x00000000)
 - private volatile transient 'enumConstantDirectory' 'Ljava/util/Map;' @80  null (0x00000000)
 - private volatile transient 'annotationData' 'Ljava/lang/Class$AnnotationData;' @84  null (0x00000000)
 - private volatile transient 'annotationType' 'Lsun/reflect/annotation/AnnotationType;' @88  null (0x00000000)
 - transient 'classValueMap' 'Ljava/lang/ClassValue$ClassValueMap;' @92  null (0x00000000)
 - injected 'protection_domain' 'Ljava/lang/Object;' @96  null (0x00000000)
 - injected 'signers_name' 'Ljava/lang/Object;' @100  null (0x00000000)
 - injected 'source_file' 'Ljava/lang/Object;' @104  null (0x00000000)
 - signature: Ljava/lang/invoke/DirectMethodHandle$Holder;
 - ---- static fields (0):
stack at sp + 7 slots: {method} {0x000001858f0b6378} 'newInvokeSpecial' '(Ljava/lang/Object;)Ljava/lang/Object;' in 'java/lang/invoke/DirectMethodHandle$Holder'

MethodHandle::interpreter_entry::_linkToSpecial [0x000001858758668c, 0x00000185875866db] (79 bytes)
[MachCode]
  0x000001858758668c: 6666 660f | 1f84 0000 | 0000 0066 | 6666 900f | 1f44 0000 | 488b 5308 | 0fb7 522e | 488b 0cd4 
  0x00000185875866ac: 585b 5048 | 3b01 8b5b | 2448 c1e3 | 0348 8b5b | 1048 85db | 0f84 1000 | 0000 4180 | bfd8 0500 
  0x00000185875866cc: 0000 7403 | ff63 38ff | 6350 e925 | 
[/MachCode]

---------------  P R O C E S S  ---------------

Threads class SMR info:
_java_thread_list=0x00000185d2b6a250, length=19, elements={
0x00000185e82692e0, 0x00000185fa93a150, 0x00000185fa940cc0, 0x00000185fa945160,
0x00000185fa949580, 0x00000185fa94b5c0, 0x00000185fa950b00, 0x00000185fa9525a0,
0x00000185fa956880, 0x00000185fac1df80, 0x00000185fac22ce0, 0x00000185fac27780,
0x00000185fac2fdb0, 0x00000185fac3bb40, 0x00000185d25bb280, 0x00000185d2d3e130,
0x00000185d2fe99d0, 0x00000185fada6200, 0x00000185d487fec0
}

Java Threads: ( => current thread )
=>0x00000185e82692e0 JavaThread "main"                              [_thread_in_Java, id=208580, stack(0x0000006007400000,0x0000006007500000) (1024K)]
  0x00000185fa93a150 JavaThread "Reference Handler"          daemon [_thread_blocked, id=18580, stack(0x0000006007c00000,0x0000006007d00000) (1024K)]
  0x00000185fa940cc0 JavaThread "Finalizer"                  daemon [_thread_blocked, id=206788, stack(0x0000006007d00000,0x0000006007e00000) (1024K)]
  0x00000185fa945160 JavaThread "Signal Dispatcher"          daemon [_thread_blocked, id=27556, stack(0x0000006007e00000,0x0000006007f00000) (1024K)]
  0x00000185fa949580 JavaThread "Attach Listener"            daemon [_thread_blocked, id=183128, stack(0x0000006007f00000,0x0000006008000000) (1024K)]
  0x00000185fa94b5c0 JavaThread "Service Thread"             daemon [_thread_blocked, id=202248, stack(0x0000006008000000,0x0000006008100000) (1024K)]
  0x00000185fa950b00 JavaThread "Monitor Deflation Thread"   daemon [_thread_blocked, id=209824, stack(0x0000006008100000,0x0000006008200000) (1024K)]
  0x00000185fa9525a0 JavaThread "C2 CompilerThread0"         daemon [_thread_blocked, id=198000, stack(0x0000006008200000,0x0000006008300000) (1024K)]
  0x00000185fa956880 JavaThread "C1 CompilerThread0"         daemon [_thread_blocked, id=196108, stack(0x0000006008300000,0x0000006008400000) (1024K)]
  0x00000185fac1df80 JavaThread "JDWP Transport Listener: dt_socket" daemon [_thread_blocked, id=210852, stack(0x0000006008400000,0x0000006008500000) (1024K)]
  0x00000185fac22ce0 JavaThread "JDWP Event Helper Thread"   daemon [_thread_blocked, id=204064, stack(0x0000006008500000,0x0000006008600000) (1024K)]
  0x00000185fac27780 JavaThread "JDWP Command Reader"        daemon [_thread_in_native, id=205896, stack(0x0000006008600000,0x0000006008700000) (1024K)]
  0x00000185fac2fdb0 JavaThread "Notification Thread"        daemon [_thread_blocked, id=54920, stack(0x0000006008700000,0x0000006008800000) (1024K)]
  0x00000185fac3bb40 JavaThread "Common-Cleaner"             daemon [_thread_blocked, id=72008, stack(0x0000006008800000,0x0000006008900000) (1024K)]
  0x00000185d25bb280 JavaThread "Catalina-utility-1"                [_thread_blocked, id=211112, stack(0x0000006008f00000,0x0000006009000000) (1024K)]
  0x00000185d2d3e130 JavaThread "Catalina-utility-2"                [_thread_blocked, id=214416, stack(0x0000006009700000,0x0000006009800000) (1024K)]
  0x00000185d2fe99d0 JavaThread "container-0"                       [_thread_blocked, id=56772, stack(0x0000006009800000,0x0000006009900000) (1024K)]
  0x00000185fada6200 JavaThread "mssql-jdbc-shared-timer-core-0" daemon [_thread_blocked, id=199712, stack(0x0000006009a00000,0x0000006009b00000) (1024K)]
  0x00000185d487fec0 JavaThread "HikariPool-1 housekeeper"   daemon [_thread_blocked, id=197828, stack(0x0000006009b00000,0x0000006009c00000) (1024K)]
Total: 19

Other Threads:
  0x00000185fa9221b0 VMThread "VM Thread"                           [id=204572, stack(0x0000006007b00000,0x0000006007c00000) (1024K)] _threads_hazard_ptr=0x00000185d2b6a250
  0x00000185fa90b6b0 WatcherThread "VM Periodic Task Thread"        [id=191804, stack(0x0000006007a00000,0x0000006007b00000) (1024K)]
  0x00000185e9cdfb10 WorkerThread "GC Thread#0"                     [id=194640, stack(0x0000006007500000,0x0000006007600000) (1024K)]
  0x00000185ff94fb10 WorkerThread "GC Thread#1"                     [id=199096, stack(0x0000006008a00000,0x0000006008b00000) (1024K)]
  0x00000185ff94feb0 WorkerThread "GC Thread#2"                     [id=208888, stack(0x0000006008b00000,0x0000006008c00000) (1024K)]
  0x00000185ff914d80 WorkerThread "GC Thread#3"                     [id=212692, stack(0x0000006008c00000,0x0000006008d00000) (1024K)]
  0x00000185ff959b30 WorkerThread "GC Thread#4"                     [id=210496, stack(0x0000006008d00000,0x0000006008e00000) (1024K)]
  0x00000185ff95d630 WorkerThread "GC Thread#5"                     [id=11036, stack(0x0000006008e00000,0x0000006008f00000) (1024K)]
  0x00000185ff95cef0 WorkerThread "GC Thread#6"                     [id=56900, stack(0x0000006009000000,0x0000006009100000) (1024K)]
  0x00000185ff95c410 WorkerThread "GC Thread#7"                     [id=211420, stack(0x0000006009100000,0x0000006009200000) (1024K)]
  0x00000185ff95c7b0 WorkerThread "GC Thread#8"                     [id=14380, stack(0x0000006009200000,0x0000006009300000) (1024K)]
  0x00000185ff95d290 WorkerThread "GC Thread#9"                     [id=211636, stack(0x0000006009300000,0x0000006009400000) (1024K)]
  0x00000185e9cf0550 ConcurrentGCThread "G1 Main Marker"            [id=195244, stack(0x0000006007600000,0x0000006007700000) (1024K)]
  0x00000185e9cf3da0 WorkerThread "G1 Conc#0"                       [id=212292, stack(0x0000006007700000,0x0000006007800000) (1024K)]
  0x00000185d1e734a0 WorkerThread "G1 Conc#1"                       [id=208516, stack(0x0000006009500000,0x0000006009600000) (1024K)]
  0x00000185d1e74e00 WorkerThread "G1 Conc#2"                       [id=56684, stack(0x0000006009600000,0x0000006009700000) (1024K)]
  0x00000185fa7d84c0 ConcurrentGCThread "G1 Refine#0"               [id=183616, stack(0x0000006007800000,0x0000006007900000) (1024K)]
  0x00000185fa7dbc40 ConcurrentGCThread "G1 Service"                [id=212712, stack(0x0000006007900000,0x0000006007a00000) (1024K)]
Total: 18

Threads with active compile tasks:
Total: 0

VM state: synchronizing (normal execution)

VM Mutex/Monitor currently owned by a thread:  ([mutex/lock_event])
[0x00007ffbc21bbe98] Threads_lock - owner thread: 0x00000185fa9221b0

Heap address: 0x0000000704a00000, size: 4022 MB, Compressed Oops mode: Zero based, Oop shift amount: 3

CDS archive(s) mapped at: [0x000001858f000000-0x000001858fc90000-0x000001858fc90000), size 13172736, SharedBaseAddress: 0x000001858f000000, ArchiveRelocationMode: 1.
Compressed class space mapped at: 0x0000018590000000-0x00000185d0000000, reserved size: 1073741824
Narrow klass base: 0x000001858f000000, Narrow klass shift: 0, Narrow klass range: 0x100000000

GC Precious Log:
 CardTable entry size: 512
 Card Set container configuration: InlinePtr #cards 4 size 8 Array Of Cards #cards 16 size 48 Howl #buckets 8 coarsen threshold 3686 Howl Bitmap #cards 512 size 80 coarsen threshold 460 Card regions per heap region 1 cards per card region 4096
 CPUs: 12 total, 12 available
 Memory: 16087M
 Large Page Support: Disabled
 NUMA Support: Disabled
 Compressed Oops: Enabled (Zero based)
 Heap Region Size: 2M
 Heap Min Capacity: 8M
 Heap Initial Capacity: 252M
 Heap Max Capacity: 4022M
 Pre-touch: Disabled
 Parallel Workers: 10
 Concurrent Workers: 3
 Concurrent Refinement Workers: 10
 Periodic GC: Disabled

Heap:
 garbage-first heap   total 96256K, used 38950K [0x0000000704a00000, 0x0000000800000000)
  region size 2048K, 9 young (18432K), 3 survivors (6144K)
 Metaspace       used 54988K, committed 55616K, reserved 1114112K
  class space    used 6876K, committed 7168K, reserved 1048576K

Heap Regions: E=young(eden), S=young(survivor), O=old, HS=humongous(starts), HC=humongous(continues), CS=collection set, F=free, TAMS=top-at-mark-start, PB=parsable bottom
|   0|0x0000000704a00000, 0x0000000704c00000, 0x0000000704c00000|100%| O|  |TAMS 0x0000000704a00000| PB 0x0000000704a00000| Untracked 
|   1|0x0000000704c00000, 0x0000000704e00000, 0x0000000704e00000|100%| O|  |TAMS 0x0000000704c00000| PB 0x0000000704c00000| Untracked 
|   2|0x0000000704e00000, 0x0000000705000000, 0x0000000705000000|100%| O|  |TAMS 0x0000000704e00000| PB 0x0000000704e00000| Untracked 
|   3|0x0000000705000000, 0x0000000705200000, 0x0000000705200000|100%| O|  |TAMS 0x0000000705000000| PB 0x0000000705000000| Untracked 
|   4|0x0000000705200000, 0x0000000705400000, 0x0000000705400000|100%| O|  |TAMS 0x0000000705200000| PB 0x0000000705200000| Untracked 
|   5|0x0000000705400000, 0x0000000705400000, 0x0000000705600000|  0%| F|  |TAMS 0x0000000705400000| PB 0x0000000705400000| Untracked 
|   6|0x0000000705600000, 0x0000000705800000, 0x0000000705800000|100%| O|  |TAMS 0x0000000705600000| PB 0x0000000705600000| Untracked 
|   7|0x0000000705800000, 0x0000000705a00000, 0x0000000705a00000|100%| O|  |TAMS 0x0000000705800000| PB 0x0000000705800000| Untracked 
|   8|0x0000000705a00000, 0x0000000705c00000, 0x0000000705c00000|100%| O|  |TAMS 0x0000000705a00000| PB 0x0000000705a00000| Untracked 
|   9|0x0000000705c00000, 0x0000000705e00000, 0x0000000705e00000|100%| O|  |TAMS 0x0000000705c00000| PB 0x0000000705c00000| Untracked 
|  10|0x0000000705e00000, 0x0000000706000000, 0x0000000706000000|100%| O|  |TAMS 0x0000000705e00000| PB 0x0000000705e00000| Untracked 
|  11|0x0000000706000000, 0x0000000706200000, 0x0000000706200000|100%| O|  |TAMS 0x0000000706000000| PB 0x0000000706000000| Untracked 
|  12|0x0000000706200000, 0x0000000706266950, 0x0000000706400000| 20%| O|  |TAMS 0x0000000706200000| PB 0x0000000706200000| Untracked 
|  13|0x0000000706400000, 0x0000000706400000, 0x0000000706600000|  0%| F|  |TAMS 0x0000000706400000| PB 0x0000000706400000| Untracked 
|  14|0x0000000706600000, 0x0000000706600000, 0x0000000706800000|  0%| F|  |TAMS 0x0000000706600000| PB 0x0000000706600000| Untracked 
|  15|0x0000000706800000, 0x0000000706800000, 0x0000000706a00000|  0%| F|  |TAMS 0x0000000706800000| PB 0x0000000706800000| Untracked 
|  16|0x0000000706a00000, 0x0000000706a00000, 0x0000000706c00000|  0%| F|  |TAMS 0x0000000706a00000| PB 0x0000000706a00000| Untracked 
|  17|0x0000000706c00000, 0x0000000706da2f20, 0x0000000706e00000| 81%| S|CS|TAMS 0x0000000706c00000| PB 0x0000000706c00000| Complete 
|  18|0x0000000706e00000, 0x0000000707000000, 0x0000000707000000|100%| S|CS|TAMS 0x0000000706e00000| PB 0x0000000706e00000| Complete 
|  19|0x0000000707000000, 0x0000000707200000, 0x0000000707200000|100%| S|CS|TAMS 0x0000000707000000| PB 0x0000000707000000| Complete 
|  20|0x0000000707200000, 0x0000000707200000, 0x0000000707400000|  0%| F|  |TAMS 0x0000000707200000| PB 0x0000000707200000| Untracked 
|  21|0x0000000707400000, 0x0000000707400000, 0x0000000707600000|  0%| F|  |TAMS 0x0000000707400000| PB 0x0000000707400000| Untracked 
|  22|0x0000000707600000, 0x0000000707600000, 0x0000000707800000|  0%| F|  |TAMS 0x0000000707600000| PB 0x0000000707600000| Untracked 
|  23|0x0000000707800000, 0x0000000707800000, 0x0000000707a00000|  0%| F|  |TAMS 0x0000000707800000| PB 0x0000000707800000| Untracked 
|  24|0x0000000707a00000, 0x0000000707a00000, 0x0000000707c00000|  0%| F|  |TAMS 0x0000000707a00000| PB 0x0000000707a00000| Untracked 
|  25|0x0000000707c00000, 0x0000000707c00000, 0x0000000707e00000|  0%| F|  |TAMS 0x0000000707c00000| PB 0x0000000707c00000| Untracked 
|  26|0x0000000707e00000, 0x0000000707e00000, 0x0000000708000000|  0%| F|  |TAMS 0x0000000707e00000| PB 0x0000000707e00000| Untracked 
|  27|0x0000000708000000, 0x0000000708000000, 0x0000000708200000|  0%| F|  |TAMS 0x0000000708000000| PB 0x0000000708000000| Untracked 
|  28|0x0000000708200000, 0x0000000708200000, 0x0000000708400000|  0%| F|  |TAMS 0x0000000708200000| PB 0x0000000708200000| Untracked 
|  29|0x0000000708400000, 0x0000000708400000, 0x0000000708600000|  0%| F|  |TAMS 0x0000000708400000| PB 0x0000000708400000| Untracked 
|  30|0x0000000708600000, 0x0000000708600000, 0x0000000708800000|  0%| F|  |TAMS 0x0000000708600000| PB 0x0000000708600000| Untracked 
|  31|0x0000000708800000, 0x0000000708800000, 0x0000000708a00000|  0%| F|  |TAMS 0x0000000708800000| PB 0x0000000708800000| Untracked 
|  32|0x0000000708a00000, 0x0000000708a00000, 0x0000000708c00000|  0%| F|  |TAMS 0x0000000708a00000| PB 0x0000000708a00000| Untracked 
|  33|0x0000000708c00000, 0x0000000708c00000, 0x0000000708e00000|  0%| F|  |TAMS 0x0000000708c00000| PB 0x0000000708c00000| Untracked 
|  34|0x0000000708e00000, 0x0000000708e00000, 0x0000000709000000|  0%| F|  |TAMS 0x0000000708e00000| PB 0x0000000708e00000| Untracked 
|  35|0x0000000709000000, 0x0000000709000000, 0x0000000709200000|  0%| F|  |TAMS 0x0000000709000000| PB 0x0000000709000000| Untracked 
|  36|0x0000000709200000, 0x0000000709200000, 0x0000000709400000|  0%| F|  |TAMS 0x0000000709200000| PB 0x0000000709200000| Untracked 
|  37|0x0000000709400000, 0x0000000709400000, 0x0000000709600000|  0%| F|  |TAMS 0x0000000709400000| PB 0x0000000709400000| Untracked 
|  38|0x0000000709600000, 0x0000000709600000, 0x0000000709800000|  0%| F|  |TAMS 0x0000000709600000| PB 0x0000000709600000| Untracked 
|  39|0x0000000709800000, 0x0000000709800000, 0x0000000709a00000|  0%| F|  |TAMS 0x0000000709800000| PB 0x0000000709800000| Untracked 
|  40|0x0000000709a00000, 0x0000000709a00000, 0x0000000709c00000|  0%| F|  |TAMS 0x0000000709a00000| PB 0x0000000709a00000| Untracked 
| 120|0x0000000713a00000, 0x0000000713bbe1d8, 0x0000000713c00000| 87%| E|  |TAMS 0x0000000713a00000| PB 0x0000000713a00000| Complete 
| 121|0x0000000713c00000, 0x0000000713e00000, 0x0000000713e00000|100%| E|CS|TAMS 0x0000000713c00000| PB 0x0000000713c00000| Complete 
| 122|0x0000000713e00000, 0x0000000714000000, 0x0000000714000000|100%| E|CS|TAMS 0x0000000713e00000| PB 0x0000000713e00000| Complete 
| 123|0x0000000714000000, 0x0000000714200000, 0x0000000714200000|100%| E|CS|TAMS 0x0000000714000000| PB 0x0000000714000000| Complete 
| 124|0x0000000714200000, 0x0000000714400000, 0x0000000714400000|100%| E|CS|TAMS 0x0000000714200000| PB 0x0000000714200000| Complete 
| 125|0x0000000714400000, 0x0000000714600000, 0x0000000714600000|100%| E|CS|TAMS 0x0000000714400000| PB 0x0000000714400000| Complete 

Card table byte_map: [0x00000185f3560000,0x00000185f3d40000] _byte_map_base: 0x00000185efd3b000

Marking Bits: (CMBitMap*) 0x00000185e9ce0120
 Bits: [0x00000185f3d40000, 0x00000185f7c18000)

Polling page: 0x00000185e8200000

Metaspace:

Usage:
  Non-class:     46.98 MB used.
      Class:      6.72 MB used.
       Both:     53.70 MB used.

Virtual space:
  Non-class space:       64.00 MB reserved,      47.31 MB ( 74%) committed,  1 nodes.
      Class space:        1.00 GB reserved,       7.00 MB ( <1%) committed,  1 nodes.
             Both:        1.06 GB reserved,      54.31 MB (  5%) committed. 

Chunk freelists:
   Non-Class:  48.00 KB
       Class:  8.98 MB
        Both:  9.03 MB

MaxMetaspaceSize: unlimited
CompressedClassSpaceSize: 1.00 GB
Initial GC threshold: 21.00 MB
Current GC threshold: 59.19 MB
CDS: on
 - commit_granule_bytes: 65536.
 - commit_granule_words: 8192.
 - virtual_space_node_default_size: 8388608.
 - enlarge_chunks_in_place: 1.
 - use_allocation_guard: 0.


Internal statistics:

num_allocs_failed_limit: 11.
num_arena_births: 794.
num_arena_deaths: 0.
num_vsnodes_births: 2.
num_vsnodes_deaths: 0.
num_space_committed: 869.
num_space_uncommitted: 0.
num_chunks_returned_to_freelist: 11.
num_chunks_taken_from_freelist: 2737.
num_chunk_merges: 11.
num_chunk_splits: 1895.
num_chunks_enlarged: 1398.
num_inconsistent_stats: 0.

CodeHeap 'non-profiled nmethods': size=120000Kb used=3881Kb max_used=3881Kb free=116118Kb
 bounds [0x0000018587ad0000, 0x0000018587ea0000, 0x000001858f000000]
CodeHeap 'profiled nmethods': size=120000Kb used=9925Kb max_used=9925Kb free=110075Kb
 bounds [0x0000018580000000, 0x00000185809c0000, 0x0000018587530000]
CodeHeap 'non-nmethods': size=5760Kb used=1677Kb max_used=1724Kb free=4082Kb
 bounds [0x0000018587530000, 0x00000185877a0000, 0x0000018587ad0000]
 total_blobs=5414 nmethods=4754 adapters=564
 compilation: enabled
              stopped_count=0, restarted_count=0
 full_count=0

Compilation events (20 events):
Event: 5.656 Thread 0x00000185fa9525a0 nmethod 5001 0x0000018587e8c010 code [0x0000018587e8c3a0, 0x0000018587e8dc18]
Event: 5.682 Thread 0x00000185d62510c0 nmethod 4999% 0x0000018587e8f290 code [0x0000018587e8f9e0, 0x0000018587e95c98]
Event: 23.820 Thread 0x00000185fa956880 5144       1       java.util.concurrent.locks.ReentrantReadWriteLock::readLock (5 bytes)
Event: 23.820 Thread 0x00000185fa956880 nmethod 5144 0x0000018587e99d90 code [0x0000018587e99f20, 0x0000018587e99ff0]
Event: 43.819 Thread 0x00000185fa956880 5145       3       java.util.concurrent.locks.ReentrantLock$NonfairSync::tryAcquire (27 bytes)
Event: 43.819 Thread 0x00000185fa956880 nmethod 5145 0x00000185809af610 code [0x00000185809af7c0, 0x00000185809afa60]
Event: 43.835 Thread 0x00000185fa956880 5146       1       java.util.concurrent.atomic.AtomicLong::get (5 bytes)
Event: 43.835 Thread 0x00000185fa956880 nmethod 5146 0x0000018587e9a090 code [0x0000018587e9a220, 0x0000018587e9a2f0]
Event: 73.864 Thread 0x00000185fa956880 5147       1       org.apache.catalina.LifecycleEvent::getType (5 bytes)
Event: 73.865 Thread 0x00000185fa956880 nmethod 5147 0x0000018587e9a390 code [0x0000018587e9a520, 0x0000018587e9a5f0]
Event: 83.868 Thread 0x00000185fa956880 5148       3       java.util.concurrent.locks.ReentrantReadWriteLock::readLock (5 bytes)
Event: 83.869 Thread 0x00000185fa956880 nmethod 5148 0x00000185809afb10 code [0x00000185809afca0, 0x00000185809afdd8]
Event: 93.876 Thread 0x00000185fa956880 5149       3       java.util.concurrent.locks.ReentrantReadWriteLock$Sync::exclusiveCount (5 bytes)
Event: 93.876 Thread 0x00000185fa956880 nmethod 5149 0x00000185809afe90 code [0x00000185809b0020, 0x00000185809b0118]
Event: 103.815 Thread 0x00000185fa956880 5150       3       java.lang.Thread::isVirtual (5 bytes)
Event: 103.815 Thread 0x00000185fa956880 nmethod 5150 0x00000185809b0190 code [0x00000185809b0320, 0x00000185809b0528]
Event: 113.878 Thread 0x00000185fa956880 5151       3       java.util.concurrent.locks.AbstractQueuedSynchronizer::releaseShared (19 bytes)
Event: 113.879 Thread 0x00000185fa956880 nmethod 5151 0x00000185809b0590 code [0x00000185809b07a0, 0x00000185809b0e10]
Event: 113.879 Thread 0x00000185fa956880 5152       3       java.util.concurrent.locks.ReentrantReadWriteLock$ReadLock::lock (9 bytes)
Event: 113.879 Thread 0x00000185fa956880 nmethod 5152 0x00000185809b1010 code [0x00000185809b11c0, 0x00000185809b1318]

GC Heap History (16 events):
Event: 0.665 GC heap before
{Heap before GC invocations=0 (full 0):
 garbage-first heap   total 258048K, used 20480K [0x0000000704a00000, 0x0000000800000000)
  region size 2048K, 11 young (22528K), 0 survivors (0K)
 Metaspace       used 3901K, committed 4032K, reserved 1114112K
  class space    used 402K, committed 448K, reserved 1048576K
}
Event: 0.671 GC heap after
{Heap after GC invocations=1 (full 0):
 garbage-first heap   total 258048K, used 10710K [0x0000000704a00000, 0x0000000800000000)
  region size 2048K, 2 young (4096K), 2 survivors (4096K)
 Metaspace       used 3901K, committed 4032K, reserved 1114112K
  class space    used 402K, committed 448K, reserved 1048576K
}
Event: 1.091 GC heap before
{Heap before GC invocations=1 (full 0):
 garbage-first heap   total 258048K, used 27094K [0x0000000704a00000, 0x0000000800000000)
  region size 2048K, 10 young (20480K), 2 survivors (4096K)
 Metaspace       used 8294K, committed 8576K, reserved 1114112K
  class space    used 1021K, committed 1152K, reserved 1048576K
}
Event: 1.095 GC heap after
{Heap after GC invocations=2 (full 0):
 garbage-first heap   total 258048K, used 12289K [0x0000000704a00000, 0x0000000800000000)
  region size 2048K, 1 young (2048K), 1 survivors (2048K)
 Metaspace       used 8294K, committed 8576K, reserved 1114112K
  class space    used 1021K, committed 1152K, reserved 1048576K
}
Event: 1.900 GC heap before
{Heap before GC invocations=2 (full 0):
 garbage-first heap   total 258048K, used 67585K [0x0000000704a00000, 0x0000000800000000)
  region size 2048K, 29 young (59392K), 1 survivors (2048K)
 Metaspace       used 20815K, committed 21120K, reserved 1114112K
  class space    used 2368K, committed 2496K, reserved 1048576K
}
Event: 1.906 GC heap after
{Heap after GC invocations=3 (full 0):
 garbage-first heap   total 258048K, used 17572K [0x0000000704a00000, 0x0000000800000000)
  region size 2048K, 4 young (8192K), 4 survivors (8192K)
 Metaspace       used 20815K, committed 21120K, reserved 1114112K
  class space    used 2368K, committed 2496K, reserved 1048576K
}
Event: 1.939 GC heap before
{Heap before GC invocations=3 (full 0):
 garbage-first heap   total 258048K, used 19620K [0x0000000704a00000, 0x0000000800000000)
  region size 2048K, 6 young (12288K), 4 survivors (8192K)
 Metaspace       used 21240K, committed 21504K, reserved 1114112K
  class space    used 2435K, committed 2560K, reserved 1048576K
}
Event: 1.942 GC heap after
{Heap after GC invocations=4 (full 0):
 garbage-first heap   total 258048K, used 18008K [0x0000000704a00000, 0x0000000800000000)
  region size 2048K, 4 young (8192K), 4 survivors (8192K)
 Metaspace       used 21240K, committed 21504K, reserved 1114112K
  class space    used 2435K, committed 2560K, reserved 1048576K
}
Event: 3.386 GC heap before
{Heap before GC invocations=5 (full 0):
 garbage-first heap   total 81920K, used 79448K [0x0000000704a00000, 0x0000000800000000)
  region size 2048K, 34 young (69632K), 4 survivors (8192K)
 Metaspace       used 31034K, committed 31488K, reserved 1114112K
  class space    used 3708K, committed 3904K, reserved 1048576K
}
Event: 3.398 GC heap after
{Heap after GC invocations=6 (full 0):
 garbage-first heap   total 96256K, used 24224K [0x0000000704a00000, 0x0000000800000000)
  region size 2048K, 7 young (14336K), 7 survivors (14336K)
 Metaspace       used 31034K, committed 31488K, reserved 1114112K
  class space    used 3708K, committed 3904K, reserved 1048576K
}
Event: 4.011 GC heap before
{Heap before GC invocations=6 (full 0):
 garbage-first heap   total 96256K, used 56992K [0x0000000704a00000, 0x0000000800000000)
  region size 2048K, 24 young (49152K), 7 survivors (14336K)
 Metaspace       used 35466K, committed 35968K, reserved 1114112K
  class space    used 4224K, committed 4480K, reserved 1048576K
}
Event: 4.018 GC heap after
{Heap after GC invocations=7 (full 0):
 garbage-first heap   total 96256K, used 26056K [0x0000000704a00000, 0x0000000800000000)
  region size 2048K, 2 young (4096K), 2 survivors (4096K)
 Metaspace       used 35466K, committed 35968K, reserved 1114112K
  class space    used 4224K, committed 4480K, reserved 1048576K
}
Event: 4.047 GC heap before
{Heap before GC invocations=7 (full 0):
 garbage-first heap   total 96256K, used 26056K [0x0000000704a00000, 0x0000000800000000)
  region size 2048K, 3 young (6144K), 2 survivors (4096K)
 Metaspace       used 35747K, committed 36288K, reserved 1114112K
  class space    used 4254K, committed 4480K, reserved 1048576K
}
Event: 4.049 GC heap after
{Heap after GC invocations=8 (full 0):
 garbage-first heap   total 96256K, used 25424K [0x0000000704a00000, 0x0000000800000000)
  region size 2048K, 2 young (4096K), 2 survivors (4096K)
 Metaspace       used 35747K, committed 36288K, reserved 1114112K
  class space    used 4254K, committed 4480K, reserved 1048576K
}
Event: 5.354 GC heap before
{Heap before GC invocations=9 (full 0):
 garbage-first heap   total 96256K, used 76624K [0x0000000704a00000, 0x0000000800000000)
  region size 2048K, 27 young (55296K), 2 survivors (4096K)
 Metaspace       used 52042K, committed 52608K, reserved 1114112K
  class space    used 6425K, committed 6720K, reserved 1048576K
}
Event: 5.358 GC heap after
{Heap after GC invocations=10 (full 0):
 garbage-first heap   total 96256K, used 28710K [0x0000000704a00000, 0x0000000800000000)
  region size 2048K, 3 young (6144K), 3 survivors (6144K)
 Metaspace       used 52042K, committed 52608K, reserved 1114112K
  class space    used 6425K, committed 6720K, reserved 1048576K
}

Dll operation events (11 events):
Event: 0.010 Loaded shared library C:\Program Files\Java\jdk-21\bin\java.dll
Event: 0.038 Loaded shared library C:\Program Files\Java\jdk-21\bin\jsvml.dll
Event: 0.239 Loaded shared library C:\Program Files\Java\jdk-21\bin\net.dll
Event: 0.242 Loaded shared library C:\Program Files\Java\jdk-21\bin\nio.dll
Event: 0.246 Loaded shared library C:\Program Files\Java\jdk-21\bin\zip.dll
Event: 0.372 Loaded shared library C:\Program Files\Java\jdk-21\bin\jimage.dll
Event: 1.285 Loaded shared library C:\Program Files\Java\jdk-21\bin\verify.dll
Event: 2.101 Loaded shared library C:\Program Files\Java\jdk-21\bin\sunmscapi.dll
Event: 3.624 Loaded shared library C:\Program Files\Java\jdk-21\bin\management.dll
Event: 3.628 Loaded shared library C:\Program Files\Java\jdk-21\bin\management_ext.dll
Event: 3.877 Loaded shared library C:\Program Files\Java\jdk-21\bin\extnet.dll

Deoptimization events (20 events):
Event: 5.451 Thread 0x00000185e82692e0 DEOPT PACKING pc=0x0000018587c8b684 sp=0x00000060074fc250
Event: 5.451 Thread 0x00000185e82692e0 DEOPT UNPACKING pc=0x00000185875846a2 sp=0x00000060074fc238 mode 2
Event: 5.460 Thread 0x00000185e82692e0 DEOPT PACKING pc=0x0000018587cda150 sp=0x00000060074fbe70
Event: 5.460 Thread 0x00000185e82692e0 DEOPT UNPACKING pc=0x0000018587584e42 sp=0x00000060074fb268 mode 1
Event: 5.460 Thread 0x00000185e82692e0 DEOPT PACKING pc=0x00000185805181e4 sp=0x00000060074fbeb0
Event: 5.460 Thread 0x00000185e82692e0 DEOPT UNPACKING pc=0x0000018587584e42 sp=0x00000060074fb560 mode 1
Event: 5.468 Thread 0x00000185e82692e0 DEOPT PACKING pc=0x0000018587cda150 sp=0x00000060074fc290
Event: 5.468 Thread 0x00000185e82692e0 DEOPT UNPACKING pc=0x0000018587584e42 sp=0x00000060074fb6a0 mode 1
Event: 5.500 Thread 0x00000185e82692e0 DEOPT PACKING pc=0x0000018587cda150 sp=0x00000060074fce60
Event: 5.500 Thread 0x00000185e82692e0 DEOPT UNPACKING pc=0x0000018587584e42 sp=0x00000060074fc270 mode 1
Event: 5.529 Thread 0x00000185e82692e0 DEOPT PACKING pc=0x0000018580671a34 sp=0x00000060074fb2b0
Event: 5.529 Thread 0x00000185e82692e0 DEOPT UNPACKING pc=0x0000018587584e42 sp=0x00000060074fa818 mode 1
Event: 5.529 Thread 0x00000185e82692e0 DEOPT PACKING pc=0x0000018580671a34 sp=0x00000060074fb2b0
Event: 5.529 Thread 0x00000185e82692e0 DEOPT UNPACKING pc=0x0000018587584e42 sp=0x00000060074fa818 mode 1
Event: 5.533 Thread 0x00000185e82692e0 DEOPT PACKING pc=0x0000018587cda150 sp=0x00000060074fc290
Event: 5.533 Thread 0x00000185e82692e0 DEOPT UNPACKING pc=0x0000018587584e42 sp=0x00000060074fb6a0 mode 1
Event: 5.546 Thread 0x00000185e82692e0 DEOPT PACKING pc=0x0000018587cda150 sp=0x00000060074fc290
Event: 5.546 Thread 0x00000185e82692e0 DEOPT UNPACKING pc=0x0000018587584e42 sp=0x00000060074fb6a0 mode 1
Event: 130.881 Thread 0x00000185e82692e0 DEOPT PACKING pc=0x000001858035d59c sp=0x00000060074fdde0
Event: 130.881 Thread 0x00000185e82692e0 DEOPT UNPACKING pc=0x0000018587584e42 sp=0x00000060074fd298 mode 0

Classes loaded (20 events):
Event: 5.494 Loading class jdk/internal/reflect/ByteVector done
Event: 5.494 Loading class jdk/internal/reflect/ByteVectorImpl done
Event: 5.494 Loading class jdk/internal/reflect/ClassFileAssembler
Event: 5.494 Loading class jdk/internal/reflect/ClassFileAssembler done
Event: 5.495 Loading class jdk/internal/reflect/UTF8
Event: 5.495 Loading class jdk/internal/reflect/UTF8 done
Event: 5.495 Loading class jdk/internal/reflect/Label
Event: 5.495 Loading class jdk/internal/reflect/Label done
Event: 5.495 Loading class jdk/internal/reflect/Label$PatchInfo
Event: 5.495 Loading class jdk/internal/reflect/Label$PatchInfo done
Event: 5.495 Loading class jdk/internal/reflect/MethodAccessorGenerator$1
Event: 5.495 Loading class jdk/internal/reflect/MethodAccessorGenerator$1 done
Event: 5.496 Loading class jdk/internal/reflect/ClassDefiner
Event: 5.496 Loading class jdk/internal/reflect/ClassDefiner done
Event: 5.496 Loading class jdk/internal/reflect/ClassDefiner$1
Event: 5.496 Loading class jdk/internal/reflect/ClassDefiner$1 done
Event: 5.496 Loading class jdk/internal/reflect/SerializationConstructorAccessorImpl
Event: 5.496 Loading class jdk/internal/reflect/SerializationConstructorAccessorImpl done
Event: 5.500 Loading class java/lang/invoke/MethodHandleImpl$CountingWrapper$1
Event: 5.500 Loading class java/lang/invoke/MethodHandleImpl$CountingWrapper$1 done

Classes unloaded (0 events):
No events

Classes redefined (1 events):
Event: 130.896 Thread 0x00000185fa9221b0 redefined class name=com.IntegrityTool.service.util.EdiToXmlConverter, count=1

Internal exceptions (20 events):
Event: 3.438 Thread 0x00000185e82692e0 Exception <a 'java/lang/NoSuchMethodError'{0x00000007145d2518}: 'java.lang.Object java.lang.invoke.DirectMethodHandle$Holder.invokeStaticInit(java.lang.Object, int, int, int, int)'> (0x00000007145d2518) 
thrown [s\open\src\hotspot\share\interpreter\linkResolver.cpp, line 773]
Event: 3.465 Thread 0x00000185e82692e0 Exception <a 'java/lang/NoSuchMethodError'{0x0000000714259bb0}: 'java.lang.Object java.lang.invoke.DirectMethodHandle$Holder.invokeStaticInit(java.lang.Object, java.lang.Object, int, int, int, int)'> (0x0000000714259bb0) 
thrown [s\open\src\hotspot\share\interpreter\linkResolver.cpp, line 773]
Event: 3.594 Thread 0x00000185e82692e0 Exception <a 'java/lang/NoSuchMethodError'{0x0000000713e37b40}: 'int java.lang.invoke.DirectMethodHandle$Holder.invokeVirtual(java.lang.Object, java.lang.Object, java.lang.Object, java.lang.Object)'> (0x0000000713e37b40) 
thrown [s\open\src\hotspot\share\interpreter\linkResolver.cpp, line 773]
Event: 3.594 Thread 0x00000185e82692e0 Exception <a 'java/lang/NoSuchMethodError'{0x0000000713e3b5b8}: 'int java.lang.invoke.DelegatingMethodHandle$Holder.reinvoke_L(java.lang.Object, java.lang.Object, java.lang.Object, java.lang.Object)'> (0x0000000713e3b5b8) 
thrown [s\open\src\hotspot\share\interpreter\linkResolver.cpp, line 773]
Event: 3.646 Thread 0x00000185e82692e0 Exception <a 'java/io/FileNotFoundException'{0x0000000713ff1828}> (0x0000000713ff1828) 
thrown [s\open\src\hotspot\share\prims\jni.cpp, line 520]
Event: 3.717 Thread 0x00000185e82692e0 Exception <a 'java/lang/NoSuchMethodError'{0x0000000713bf2f88}: 'int java.lang.invoke.DirectMethodHandle$Holder.invokeInterface(java.lang.Object, java.lang.Object, java.lang.Object, java.lang.Object)'> (0x0000000713bf2f88) 
thrown [s\open\src\hotspot\share\interpreter\linkResolver.cpp, line 773]
Event: 3.791 Thread 0x00000185e82692e0 Exception <a 'java/lang/NoSuchMethodError'{0x000000070853b958}: 'long java.lang.invoke.DirectMethodHandle$Holder.invokeVirtual(java.lang.Object, java.lang.Object)'> (0x000000070853b958) 
thrown [s\open\src\hotspot\share\interpreter\linkResolver.cpp, line 773]
Event: 3.908 Thread 0x00000185e82692e0 Exception <a 'java/lang/NoSuchMethodError'{0x0000000707a08258}: 'java.lang.Object java.lang.invoke.DirectMethodHandle$Holder.newInvokeSpecial(java.lang.Object, java.lang.Object, java.lang.Object, java.lang.Object, java.lang.Object, java.lang.Object, java.lang.Object, java.lang.Object, java.lang.Object, java.lang.Object, java.lang.Object)'> (0x0000000707a08258) 
thrown [s\open\src\hotspot\share\interpreter\linkResolver.cpp, line 773]
Event: 4.046 Thread 0x00000185e82692e0 Exception <a 'java/lang/NoSuchMethodError'{0x000000071448da00}: 'void java.lang.invoke.DelegatingMethodHandle$Holder.reinvoke_L(java.lang.Object, java.lang.Object, java.lang.Object, java.lang.Object, int, java.lang.Object, java.lang.Object, java.lang.Object)'> (0x000000071448da00) 
thrown [s\open\src\hotspot\share\interpreter\linkResolver.cpp, line 773]
Event: 4.656 Thread 0x00000185e82692e0 Exception <a 'java/lang/NoSuchMethodError'{0x0000000708d31aa8}: 'int java.lang.invoke.DirectMethodHandle$Holder.invokeStatic(java.lang.Object)'> (0x0000000708d31aa8) 
thrown [s\open\src\hotspot\share\interpreter\linkResolver.cpp, line 773]
Event: 4.672 Thread 0x00000185e82692e0 Implicit null exception at 0x0000018587cd6f37 to 0x0000018587cd76c8
Event: 4.756 Thread 0x00000185e82692e0 Exception <a 'sun/nio/fs/WindowsException'{0x0000000708947b08}> (0x0000000708947b08) 
thrown [s\open\src\hotspot\share\prims\jni.cpp, line 520]
Event: 5.079 Thread 0x00000185e82692e0 Exception <a 'java/lang/NoSuchMethodError'{0x00000007080d3d58}: 'java.lang.Object java.lang.invoke.DirectMethodHandle$Holder.invokeStaticInit(java.lang.Object, java.lang.Object, java.lang.Object, java.lang.Object)'> (0x00000007080d3d58) 
thrown [s\open\src\hotspot\share\interpreter\linkResolver.cpp, line 773]
Event: 5.098 Thread 0x00000185e82692e0 Exception <a 'java/lang/NoSuchMethodError'{0x00000007081a75e0}: 'int java.lang.invoke.Invokers$Holder.invokeExact_MT(java.lang.Object, java.lang.Object)'> (0x00000007081a75e0) 
thrown [s\open\src\hotspot\share\interpreter\linkResolver.cpp, line 773]
Event: 5.311 Thread 0x00000185e82692e0 Exception <a 'java/lang/IncompatibleClassChangeError'{0x0000000707492148}: Found class java.lang.Object, but interface was expected> (0x0000000707492148) 
thrown [s\open\src\hotspot\share\interpreter\linkResolver.cpp, line 840]
Event: 5.328 Thread 0x00000185e82692e0 Exception <a 'java/lang/NoSuchMethodError'{0x00000007075c8470}: 'java.lang.Object java.lang.invoke.DirectMethodHandle$Holder.invokeStatic(java.lang.Object, java.lang.Object, int, java.lang.Object)'> (0x00000007075c8470) 
thrown [s\open\src\hotspot\share\interpreter\linkResolver.cpp, line 773]
Event: 5.328 Thread 0x00000185e82692e0 Exception <a 'java/lang/NoSuchMethodError'{0x00000007075cbc78}: 'java.lang.Object java.lang.invoke.DirectMethodHandle$Holder.invokeStaticInit(java.lang.Object, java.lang.Object, int, java.lang.Object)'> (0x00000007075cbc78) 
thrown [s\open\src\hotspot\share\interpreter\linkResolver.cpp, line 773]
Event: 5.417 Thread 0x00000185e82692e0 Exception <a 'java/lang/NoSuchMethodError'{0x00000007140ad288}: 'void java.lang.invoke.DirectMethodHandle$Holder.invokeInterface(java.lang.Object, java.lang.Object)'> (0x00000007140ad288) 
thrown [s\open\src\hotspot\share\interpreter\linkResolver.cpp, line 773]
Event: 5.440 Thread 0x00000185e82692e0 Exception <a 'java/lang/NoSuchMethodError'{0x0000000713e2ebe8}: 'void java.lang.invoke.Invokers$Holder.invokeExact_MT(java.lang.Object, java.lang.Object, java.lang.Object, java.lang.Object)'> (0x0000000713e2ebe8) 
thrown [s\open\src\hotspot\share\interpreter\linkResolver.cpp, line 773]
Event: 5.462 Thread 0x00000185e82692e0 Exception <a 'java/lang/NoSuchMethodError'{0x0000000713ee1468}: 'int java.lang.invoke.DirectMethodHandle$Holder.invokeStaticInit(java.lang.Object, int, java.lang.Object, java.lang.Object, java.lang.Object, java.lang.Object)'> (0x0000000713ee1468) 
thrown [s\open\src\hotspot\share\interpreter\linkResolver.cpp, line 773]

ZGC Phase Switch (0 events):
No events

VM Operations (20 events):
Event: 60.082 Executing VM operation: RendezvousGCThreads
Event: 60.082 Executing VM operation: RendezvousGCThreads done
Event: 124.615 Executing VM operation: Cleanup
Event: 124.615 Executing VM operation: Cleanup done
Event: 124.932 Executing VM operation: ChangeBreakpoints
Event: 124.932 Executing VM operation: ChangeBreakpoints done
Event: 124.933 Executing VM operation: ChangeBreakpoints
Event: 124.933 Executing VM operation: ChangeBreakpoints done
Event: 124.943 Executing VM operation: ChangeBreakpoints
Event: 124.945 Executing VM operation: ChangeBreakpoints done
Event: 129.168 Executing VM operation: ChangeBreakpoints
Event: 129.168 Executing VM operation: ChangeBreakpoints done
Event: 130.881 Executing VM operation: ChangeSingleStep
Event: 130.881 Executing VM operation: ChangeSingleStep done
Event: 130.881 Executing VM operation: ChangeSingleStep
Event: 130.881 Executing VM operation: ChangeSingleStep done
Event: 130.890 Executing VM operation: RedefineClasses
Event: 130.907 Executing VM operation: RedefineClasses done
Event: 130.910 Executing VM operation: ChangeSingleStep
Event: 130.910 Executing VM operation: ChangeSingleStep done

Events (20 events):
Event: 4.069 Thread 0x00000185fa9221b0 flushing nmethod 0x0000018580363990
Event: 4.069 Thread 0x00000185fa9221b0 flushing nmethod 0x0000018580363e90
Event: 4.069 Thread 0x00000185fa9221b0 flushing nmethod 0x0000018580364210
Event: 4.069 Thread 0x00000185fa9221b0 flushing nmethod 0x0000018580364510
Event: 4.069 Thread 0x00000185fa9221b0 flushing nmethod 0x0000018580365310
Event: 4.069 Thread 0x00000185fa9221b0 flushing nmethod 0x0000018580366590
Event: 4.069 Thread 0x00000185fa9221b0 flushing nmethod 0x0000018580368a90
Event: 4.069 Thread 0x00000185fa9221b0 flushing nmethod 0x0000018580369210
Event: 4.069 Thread 0x00000185fa9221b0 flushing nmethod 0x0000018580369510
Event: 4.069 Thread 0x00000185fa9221b0 flushing nmethod 0x0000018580369910
Event: 4.069 Thread 0x00000185fa9221b0 flushing nmethod 0x0000018580369c10
Event: 4.069 Thread 0x00000185fa9221b0 flushing nmethod 0x000001858036a010
Event: 4.958 Thread 0x00000185fada6200 Thread added: 0x00000185fada6200
Event: 5.010 Thread 0x00000185d487fec0 Thread added: 0x00000185d487fec0
Event: 5.119 Thread 0x00000185d6251870 Thread added: 0x00000185d6251870
Event: 5.432 Thread 0x00000185ffac4770 Thread exited: 0x00000185ffac4770
Event: 5.477 Thread 0x00000185d62510c0 Thread added: 0x00000185d62510c0
Event: 10.368 Thread 0x00000185d6251870 Thread exited: 0x00000185d6251870
Event: 10.706 Thread 0x00000185d62510c0 Thread exited: 0x00000185d62510c0
Event: 15.664 Thread 0x00000185fac3a110 Thread exited: 0x00000185fac3a110


Dynamic libraries:
0x00007ff746b40000 - 0x00007ff746b50000 	C:\Program Files\Java\jdk-21\bin\java.exe
0x00007ffc8c920000 - 0x00007ffc8cb80000 	C:\WINDOWS\SYSTEM32\ntdll.dll
0x00007ffc8b4c0000 - 0x00007ffc8b587000 	C:\WINDOWS\System32\KERNEL32.DLL
0x00007ffc89b00000 - 0x00007ffc89eca000 	C:\WINDOWS\System32\KERNELBASE.dll
0x00007ffc8a230000 - 0x00007ffc8a37b000 	C:\WINDOWS\System32\ucrtbase.dll
0x00007ffc67020000 - 0x00007ffc6703b000 	C:\Program Files\Java\jdk-21\bin\VCRUNTIME140.dll
0x00007ffc66980000 - 0x00007ffc66999000 	C:\Program Files\Java\jdk-21\bin\jli.dll
0x00007ffc8c6e0000 - 0x00007ffc8c792000 	C:\WINDOWS\System32\ADVAPI32.dll
0x00007ffc8c830000 - 0x00007ffc8c8d9000 	C:\WINDOWS\System32\msvcrt.dll
0x00007ffc8b400000 - 0x00007ffc8b4a6000 	C:\WINDOWS\System32\sechost.dll
0x00007ffc8a980000 - 0x00007ffc8aa96000 	C:\WINDOWS\System32\RPCRT4.dll
0x00007ffc8c350000 - 0x00007ffc8c51c000 	C:\WINDOWS\System32\USER32.dll
0x00007ffc8a440000 - 0x00007ffc8a467000 	C:\WINDOWS\System32\win32u.dll
0x00007ffc70410000 - 0x00007ffc706a7000 	C:\WINDOWS\WinSxS\amd64_microsoft.windows.common-controls_6595b64144ccf1df_6.0.26100.3624_none_3e086962e3345f24\COMCTL32.dll
0x00007ffc8c140000 - 0x00007ffc8c16a000 	C:\WINDOWS\System32\GDI32.dll
0x00007ffc8a5e0000 - 0x00007ffc8a711000 	C:\WINDOWS\System32\gdi32full.dll
0x00007ffc89f60000 - 0x00007ffc8a003000 	C:\WINDOWS\System32\msvcp_win.dll
0x00007ffc768f0000 - 0x00007ffc768fb000 	C:\WINDOWS\SYSTEM32\VERSION.dll
0x00007ffc8b3c0000 - 0x00007ffc8b3ef000 	C:\WINDOWS\System32\IMM32.DLL
0x00007ffc7be60000 - 0x00007ffc7be6c000 	C:\Program Files\Java\jdk-21\bin\vcruntime140_1.dll
0x00007ffc1ee20000 - 0x00007ffc1eeae000 	C:\Program Files\Java\jdk-21\bin\msvcp140.dll
0x00007ffbc1580000 - 0x00007ffbc2298000 	C:\Program Files\Java\jdk-21\bin\server\jvm.dll
0x00007ffc8af80000 - 0x00007ffc8aff4000 	C:\WINDOWS\System32\WS2_32.dll
0x00007ffc89950000 - 0x00007ffc899ae000 	C:\WINDOWS\SYSTEM32\POWRPROF.dll
0x00007ffc7fcc0000 - 0x00007ffc7fcf6000 	C:\WINDOWS\SYSTEM32\WINMM.dll
0x00007ffc89920000 - 0x00007ffc89934000 	C:\WINDOWS\SYSTEM32\UMPDC.dll
0x00007ffc888d0000 - 0x00007ffc888ea000 	C:\WINDOWS\SYSTEM32\kernel.appcore.dll
0x00007ffc7be20000 - 0x00007ffc7be2a000 	C:\Program Files\Java\jdk-21\bin\jimage.dll
0x00007ffc86f10000 - 0x00007ffc87151000 	C:\WINDOWS\SYSTEM32\DBGHELP.DLL
0x00007ffc8b000000 - 0x00007ffc8b382000 	C:\WINDOWS\System32\combase.dll
0x00007ffc8b690000 - 0x00007ffc8b766000 	C:\WINDOWS\System32\OLEAUT32.dll
0x00007ffc71920000 - 0x00007ffc71959000 	C:\WINDOWS\SYSTEM32\dbgcore.DLL
0x00007ffc8a010000 - 0x00007ffc8a0a9000 	C:\WINDOWS\System32\bcryptPrimitives.dll
0x00007ffc66910000 - 0x00007ffc6694c000 	C:\Program Files\Java\jdk-21\bin\jdwp.dll
0x00007ffc5f390000 - 0x00007ffc5f3af000 	C:\Program Files\Java\jdk-21\bin\java.dll
0x00007ffc8b910000 - 0x00007ffc8c039000 	C:\WINDOWS\System32\SHELL32.dll
0x00007ffc8a470000 - 0x00007ffc8a5d8000 	C:\WINDOWS\System32\wintypes.dll
0x00007ffc87760000 - 0x00007ffc87fb2000 	C:\WINDOWS\SYSTEM32\windows.storage.dll
0x00007ffc8a720000 - 0x00007ffc8a80d000 	C:\WINDOWS\System32\SHCORE.dll
0x00007ffc8b590000 - 0x00007ffc8b5f4000 	C:\WINDOWS\System32\shlwapi.dll
0x00007ffc89a10000 - 0x00007ffc89a3f000 	C:\WINDOWS\SYSTEM32\profapi.dll
0x00007ffc131e0000 - 0x00007ffc132b7000 	C:\Program Files\Java\jdk-21\bin\jsvml.dll
0x00007ffc7a160000 - 0x00007ffc7a16c000 	C:\Program Files\Java\jdk-21\bin\dt_socket.dll
0x00007ffc88390000 - 0x00007ffc883c3000 	C:\WINDOWS\SYSTEM32\IPHLPAPI.DLL
0x00007ffc88dd0000 - 0x00007ffc88e3a000 	C:\WINDOWS\system32\mswsock.dll
0x00007ffc883d0000 - 0x00007ffc884f5000 	C:\WINDOWS\SYSTEM32\DNSAPI.dll
0x00007ffc8c7a0000 - 0x00007ffc8c7aa000 	C:\WINDOWS\System32\NSI.dll
0x00007ffc829b0000 - 0x00007ffc829bb000 	C:\Windows\System32\rasadhlp.dll
0x00007ffc836b0000 - 0x00007ffc83735000 	C:\WINDOWS\System32\fwpuclnt.dll
0x00007ffc78840000 - 0x00007ffc78850000 	C:\Program Files\Java\jdk-21\bin\net.dll
0x00007ffc81dd0000 - 0x00007ffc81eed000 	C:\WINDOWS\SYSTEM32\WINHTTP.dll
0x00007ffc573b0000 - 0x00007ffc573c6000 	C:\Program Files\Java\jdk-21\bin\nio.dll
0x00007ffc561e0000 - 0x00007ffc561f8000 	C:\Program Files\Java\jdk-21\bin\zip.dll
0x00007ffc77800000 - 0x00007ffc77810000 	C:\Program Files\Java\jdk-21\bin\verify.dll
0x00007ffc77da0000 - 0x00007ffc77dae000 	C:\Program Files\Java\jdk-21\bin\sunmscapi.dll
0x00007ffc8a0b0000 - 0x00007ffc8a227000 	C:\WINDOWS\System32\CRYPT32.dll
0x00007ffc892d0000 - 0x00007ffc89300000 	C:\WINDOWS\SYSTEM32\ncrypt.dll
0x00007ffc89280000 - 0x00007ffc892bf000 	C:\WINDOWS\SYSTEM32\NTASN1.dll
0x00007ffc89180000 - 0x00007ffc8919c000 	C:\WINDOWS\SYSTEM32\CRYPTSP.dll
0x00007ffc88830000 - 0x00007ffc8886a000 	C:\WINDOWS\system32\rsaenh.dll
0x00007ffc88e70000 - 0x00007ffc88e9b000 	C:\WINDOWS\SYSTEM32\USERENV.dll
0x00007ffc899e0000 - 0x00007ffc89a06000 	C:\WINDOWS\SYSTEM32\bcrypt.dll
0x00007ffc89000000 - 0x00007ffc8900c000 	C:\WINDOWS\SYSTEM32\CRYPTBASE.dll
0x00007ffc776d0000 - 0x00007ffc776da000 	C:\Program Files\Java\jdk-21\bin\management.dll
0x00007ffc76830000 - 0x00007ffc7683b000 	C:\Program Files\Java\jdk-21\bin\management_ext.dll
0x00007ffc8b680000 - 0x00007ffc8b688000 	C:\WINDOWS\System32\PSAPI.DLL
0x00007ffc72930000 - 0x00007ffc72939000 	C:\Program Files\Java\jdk-21\bin\extnet.dll
0x00007ffc69f90000 - 0x00007ffc69fa8000 	C:\WINDOWS\system32\napinsp.dll
0x00007ffc69e30000 - 0x00007ffc69e42000 	C:\WINDOWS\System32\winrnr.dll
0x00007ffc68560000 - 0x00007ffc68590000 	C:\WINDOWS\system32\nlansp_c.dll
0x00007ffc7a950000 - 0x00007ffc7a966000 	C:\WINDOWS\system32\wshbth.dll

dbghelp: loaded successfully - version: 4.0.5 - missing functions: none
symbol engine: initialized successfully - sym options: 0x614 - pdb path: .;C:\Program Files\Java\jdk-21\bin;C:\WINDOWS\SYSTEM32;C:\WINDOWS\WinSxS\amd64_microsoft.windows.common-controls_6595b64144ccf1df_6.0.26100.3624_none_3e086962e3345f24;C:\Program Files\Java\jdk-21\bin\server

VM Arguments:
jvm_args: -agentlib:jdwp=transport=dt_socket,server=n,suspend=y,address=localhost:58971 -XX:+ShowCodeDetailsInExceptionMessages 
java_command: com.IntegrityTool.IntegrityToolApplication
java_class_path (initial): C:\Java\IntegrityTool\IntegrityToolManagementBackend\target\classes;C:\Users\Krishna\.m2\repository\org\springframework\boot\spring-boot-starter-data-jpa\3.4.3\spring-boot-starter-data-jpa-3.4.3.jar;C:\Users\Krishna\.m2\repository\org\springframework\boot\spring-boot-starter\3.4.3\spring-boot-starter-3.4.3.jar;C:\Users\Krishna\.m2\repository\org\springframework\boot\spring-boot\3.4.3\spring-boot-3.4.3.jar;C:\Users\Krishna\.m2\repository\org\springframework\boot\spring-boot-autoconfigure\3.4.3\spring-boot-autoconfigure-3.4.3.jar;C:\Users\Krishna\.m2\repository\org\springframework\boot\spring-boot-starter-logging\3.4.3\spring-boot-starter-logging-3.4.3.jar;C:\Users\Krishna\.m2\repository\ch\qos\logback\logback-classic\1.5.16\logback-classic-1.5.16.jar;C:\Users\Krishna\.m2\repository\ch\qos\logback\logback-core\1.5.16\logback-core-1.5.16.jar;C:\Users\Krishna\.m2\repository\org\apache\logging\log4j\log4j-to-slf4j\2.24.3\log4j-to-slf4j-2.24.3.jar;C:\Users\Krishna\.m2\repository\org\apache\logging\log4j\log4j-api\2.24.3\log4j-api-2.24.3.jar;C:\Users\Krishna\.m2\repository\org\slf4j\jul-to-slf4j\2.0.16\jul-to-slf4j-2.0.16.jar;C:\Users\Krishna\.m2\repository\jakarta\annotation\jakarta.annotation-api\2.1.1\jakarta.annotation-api-2.1.1.jar;C:\Users\Krishna\.m2\repository\org\yaml\snakeyaml\2.3\snakeyaml-2.3.jar;C:\Users\Krishna\.m2\repository\org\springframework\boot\spring-boot-starter-jdbc\3.4.3\spring-boot-starter-jdbc-3.4.3.jar;C:\Users\Krishna\.m2\repository\com\zaxxer\HikariCP\5.1.0\HikariCP-5.1.0.jar;C:\Users\Krishna\.m2\repository\org\springframework\spring-jdbc\6.2.3\spring-jdbc-6.2.3.jar;C:\Users\Krishna\.m2\repository\org\hibernate\orm\hibernate-core\6.6.8.Final\hibernate-core-6.6.8.Final.jar;C:\Users\Krishna\.m2\repository\jakarta\persistence\jakarta.persistence-api\3.1.0\jakarta.persistence-api-3.1.0.jar;C:\Users\Krishna\.m2\repository\jakarta\transaction\jakarta.transaction-api\2.0.1\jakarta.transaction-api-2.0.1.jar;C:\Users\Krishna\.m2\repository\org\jboss\logging\jboss-logging\3.6.1.Final\jboss-logging-3.6.1.Final.jar;C:\Users\Krishna\.m2\repository\org\hibernate\common\hibernate-commons-annotations\7.0.3.Final\hibernate-commons-annotations-7.0.3.Final.jar;C:\Users\Krishna\.m2\repository\io\smallrye\jandex\3.2.0\jandex-3.2.0.jar;C:\Users\Krishna\.m2\repository\net\bytebuddy\byte-buddy\1.15.11\byte-buddy-1.15.11.jar;C:\Users\Krishna\.m2\repository\org\glassfish\jaxb\jaxb-runtime\4.0.5\jaxb-runtime-4.0.5.jar;C:\Users\Krishna\.m2\repository\org\glassfish\jaxb\jaxb-core\4.0.5\jaxb-core-4.0.5.jar;C:\Users\Krishna\.m2\repository\org\eclipse\angus\angus-activation\2.0.2\angus-activation-2.0.2.jar;C:\Users\Krishna\.m2\repository\org\glassfish\jaxb\txw2\4.0.5\txw2-4.0.5.jar;C:\Users\Krishna\.m2\repository\com\sun\istack\istack-commons-runtime\4.1.2\istack-commons-runtime-4.1.2.jar;C:\Users\Krishna\.m2\repository\jakarta\inject\jakarta.inject-api\2.0.1\jakarta.inject-api-2.0.1.jar;C:\Users\Krishna\.m2\repository\org\antlr\antlr4-runtime\4.13.0\antlr4-runtime-4.13.0.jar;C:\Users\Krishna\.m2\repository\org\springframework\data\spring-data-jpa\3.4.3\spring-data-jpa-3.4.3.jar;C:\Users\Krishna\.m2\repository\org\springframework\data\spring-data-commons\3.4.3\spring-data-commons-3.4.3.jar;C:\Users\Krishna\.m2\repository\org\springframework\spring-orm\6.2.3\spring-orm-6.2.3.jar;C:\Users\Krishna\.m2\repository\org\springframework\spring-context\6.2.3\spring-context-6.2.3.jar;C:\Users\Krishna\.m2\repository\org\springframework\spring-aop\6.2.3\spring-aop-6.2.3.jar;C:\Users\Krishna\.m2\repository\org\springframework\spring-tx\6.2.3\spring-tx-6.2.3.jar;C:\Users\Krishna\.m2\repository\org\springframework\spring-beans\6.2.3\spring-beans-6.2.3.jar;C:\Users\Krishna\.m2\repository\org\slf4j\slf4j-api\2.0.16\slf4j-api-2.0.16.jar;C:\Users\Krishna\.m2\repository\org\springframework\spring-aspects\6.2.3\spring-aspects-6.2.3.jar;C:\Users\Krishna\.m2\repository\org\aspectj\aspectjweaver\1.9.22.1\aspectjweaver-1.9.22.1.jar;C:\Users\Krishna\.m2\repository\org\springframework\boot\spring-boot-starter-web\3.4.3\spring-boot-starter-web-3.4.3.jar;C:\Users\Krishna\.m2\repository\org\springframework\boot\spring-boot-starter-json\3.4.3\spring-boot-starter-json-3.4.3.jar;C:\Users\Krishna\.m2\repository\com\fasterxml\jackson\core\jackson-databind\2.18.2\jackson-databind-2.18.2.jar;C:\Users\Krishna\.m2\repository\com\fasterxml\jackson\core\jackson-annotations\2.18.2\jackson-annotations-2.18.2.jar;C:\Users\Krishna\.m2\repository\com\fasterxml\jackson\core\jackson-core\2.18.2\jackson-core-2.18.2.jar;C:\Users\Krishna\.m2\repository\com\fasterxml\jackson\datatype\jackson-datatype-jdk8\2.18.2\jackson-datatype-jdk8-2.18.2.jar;C:\Users\Krishna\.m2\repository\com\fasterxml\jackson\datatype\jackson-datatype-jsr310\2.18.2\jackson-datatype-jsr310-2.18.2.jar;C:\Users\Krishna\.m2\repository\com\fasterxml\jackson\module\jackson-module-parameter-names\2.18.2\jackson-module-parameter-names-2.18.2.jar;C:\Users\Krishna\.m2\repository\org\springframework\boot\spring-boot-starter-tomcat\3.4.3\spring-boot-starter-tomcat-3.4.3.jar;C:\Users\Krishna\.m2\repository\org\apache\tomcat\embed\tomcat-embed-core\10.1.36\tomcat-embed-core-10.1.36.jar;C:\Users\Krishna\.m2\repository\org\apache\tomcat\embed\tomcat-embed-el\10.1.36\tomcat-embed-el-10.1.36.jar;C:\Users\Krishna\.m2\repository\org\apache\tomcat\embed\tomcat-embed-websocket\10.1.36\tomcat-embed-websocket-10.1.36.jar;C:\Users\Krishna\.m2\repository\org\springframework\spring-web\6.2.3\spring-web-6.2.3.jar;C:\Users\Krishna\.m2\repository\io\micrometer\micrometer-observation\1.14.4\micrometer-observation-1.14.4.jar;C:\Users\Krishna\.m2\repository\io\micrometer\micrometer-commons\1.14.4\micrometer-commons-1.14.4.jar;C:\Users\Krishna\.m2\repository\org\springframework\spring-webmvc\6.2.3\spring-webmvc-6.2.3.jar;C:\Users\Krishna\.m2\repository\org\springframework\spring-expression\6.2.3\spring-expression-6.2.3.jar;C:\Users\Krishna\.m2\repository\com\microsoft\sqlserver\mssql-jdbc\12.8.1.jre11\mssql-jdbc-12.8.1.jre11.jar;C:\Users\Krishna\.m2\repository\jakarta\xml\bind\jakarta.xml.bind-api\4.0.2\jakarta.xml.bind-api-4.0.2.jar;C:\Users\Krishna\.m2\repository\jakarta\activation\jakarta.activation-api\2.1.3\jakarta.activation-api-2.1.3.jar;C:\Users\Krishna\.m2\repository\org\springframework\spring-core\6.2.3\spring-core-6.2.3.jar;C:\Users\Krishna\.m2\repository\org\springframework\spring-jcl\6.2.3\spring-jcl-6.2.3.jar;C:\Users\Krishna\.m2\repository\org\springdoc\springdoc-openapi-starter-webmvc-ui\2.3.0\springdoc-openapi-starter-webmvc-ui-2.3.0.jar;C:\Users\Krishna\.m2\repository\org\springdoc\springdoc-openapi-starter-webmvc-api\2.3.0\springdoc-openapi-starter-webmvc-api-2.3.0.jar;C:\Users\Krishna\.m2\repository\org\springdoc\springdoc-openapi-starter-common\2.3.0\springdoc-openapi-starter-common-2.3.0.jar;C:\Users\Krishna\.m2\repository\io\swagger\core\v3\swagger-core-jakarta\2.2.19\swagger-core-jakarta-2.2.19.jar;C:\Users\Krishna\.m2\repository\org\apache\commons\commons-lang3\3.17.0\commons-lang3-3.17.0.jar;C:\Users\Krishna\.m2\repository\io\swagger\core\v3\swagger-annotations-jakarta\2.2.19\swagger-annotations-jakarta-2.2.19.jar;C:\Users\Krishna\.m2\repository\io\swagger\core\v3\swagger-models-jakarta\2.2.19\swagger-models-jakarta-2.2.19.jar;C:\Users\Krishna\.m2\repository\jakarta\validation\jakarta.validation-api\3.0.2\jakarta.validation-api-3.0.2.jar;C:\Users\Krishna\.m2\repository\com\fasterxml\jackson\dataformat\jackson-dataformat-yaml\2.18.2\jackson-dataformat-yaml-2.18.2.jar;C:\Users\Krishna\.m2\repository\org\webjars\swagger-ui\5.10.3\swagger-ui-5.10.3.jar;C:\Users\Krishna\.m2\repository\org\smooks\smooks-core\2.2.1\smooks-core-2.2.1.jar;C:\Users\Krishna\.m2\repository\org\smooks\smooks-commons\2.2.1\smooks-commons-2.2.1.jar;C:\Users\Krishna\.m2\repository\org\smooks\smooks-api\2.2.1\smooks-api-2.2.1.jar;C:\Users\Krishna\.m2\repository\org\freemarker\freemarker\2.3.34\freemarker-2.3.34.jar;C:\Users\Krishna\.m2\repository\javax\inject\javax.inject\1\javax.inject-1.jar;C:\Users\Krishna\.m2\repository\com\thoughtworks\xstream\xstream\1.4.21\xstream-1.4.21.jar;C:\Users\Krishna\.m2\repository\io\github\x-stream\mxparser\1.2.2\mxparser-1.2.2.jar;C:\Users\Krishna\.m2\repository\xmlpull\xmlpull\1.1.3.1\xmlpull-1.1.3.1.jar;C:\Users\Krishna\.m2\repository\org\mvel\mvel2\2.5.2.Final\mvel2-2.5.2.Final.jar;C:\Users\Krishna\.m2\repository\jaxen\jaxen\2.0.0\jaxen-2.0.0.jar;C:\Users\Krishna\.m2\repository\com\fasterxml\classmate\1.7.0\classmate-1.7.0.jar;C:\Users\Krishna\.m2\repository\com\fasterxml\aalto-xml\1.3.3\aalto-xml-1.3.3.jar;C:\Users\Krishna\.m2\repository\com\fasterxml\woodstox\woodstox-core\7.1.0\woodstox-core-7.1.0.jar;C:\Users\Krishna\.m2\repository\org\codehaus\woodstox\stax2-api\4.2.2\stax2-api-4.2.2.jar;C:\Users\Krishna\.m2\repository\xml-apis\xml-apis\1.4.01\xml-apis-1.4.01.jar;C:\Users\Krishna\.m2\repository\com\google\code\findbugs\jsr305\3.0.2\jsr305-3.0.2.jar;C:\Users\Krishna\.m2\repository\org\smooks\cartridges\edi\smooks-edi-cartridge\2.1.0\smooks-edi-cartridge-2.1.0.jar;C:\Users\Krishna\.m2\repository\org\smooks\cartridges\edi\edi-schemas\2.1.0\edi-schemas-2.1.0.jar;C:\Users\Krishna\.m2\repository\org\smooks\cartridges\smooks-dfdl-cartridge\1.0.3\smooks-dfdl-cartridge-1.0.3.jar;C:\Users\Krishna\.m2\repository\org\apache\daffodil\daffodil-japi_2.12\3.10.0\daffodil-japi_2.12-3.10.0.jar;C:\Users\Krishna\.m2\repository\org\scala-lang\scala-library\2.12.20\scala-library-2.12.20.jar;C:\Users\Krishna\.m2\repository\org\apache\daffodil\daffodil-core_2.12\3.10.0\daffodil-core_2.12-3.10.0.jar;C:\Users\Krishna\.m2\repository\org\apache\daffodil\daffodil-runtime1-unparser_2.12\3.10.0\daffodil-runtime1-unparser_2.12-3.10.0.jar;C:\Users\Krishna\.m2\repository\org\apache\daffodil\daffodil-runtime1_2.12\3.10.0\daffodil-runtime1_2.12-3.10.0.jar;C:\Users\Krishna\.m2\repository\org\apache\daffodil\daffodil-io_2.12\3.10.0\daffodil-io_2.12-3.10.0.jar;C:\Users\Krishna\.m2\repository\org\apache\daffodil\daffodil-runtime1-layers_2.12\3.10.0\daffodil-runtime1-layers_2.12-3.10.0.jar;C:\Users\Krishna\.m2\repository\org\apache\daffodil\daffodil-udf_2.12\3.10.0\daffodil-udf_2.12-3.10.0.jar;C:\Users\Krishna\.m2\repository\com\lihaoyi\os-lib_2.12\0.11.3\os-lib_2.12-0.11.3.jar;C:\Users\Krishna\.m2\repository\com\lihaoyi\geny_2.12\1.1.1\geny_2.12-1.1.1.jar;C:\Users\Krishna\.m2\repository\org\scala-lang\modules\scala-xml_2.12\2.3.0\scala-xml_2.12-2.3.0.jar;C:\Users\Krishna\.m2\repository\org\scala-lang\modules\scala-parser-combinators_2.12\2.4.0\scala-parser-combinators_2.12-2.4.0.jar;C:\Users\Krishna\.m2\repository\com\ibm\icu\icu4j\76.1\icu4j-76.1.jar;C:\Users\Krishna\.m2\repository\xerces\xercesImpl\2.12.2\xercesImpl-2.12.2.jar;C:\Users\Krishna\.m2\repository\xml-resolver\xml-resolver\1.2\xml-resolver-1.2.jar;C:\Users\Krishna\.m2\repository\com\typesafe\config\1.4.3\config-1.4.3.jar;C:\Users\Krishna\.m2\repository\com\typesafe\scala-logging\scala-logging_2.12\3.9.5\scala-logging_2.12-3.9.5.jar;C:\Users\Krishna\.m2\repository\org\scala-lang\scala-reflect\2.12.15\scala-reflect-2.12.15.jar;C:\Users\Krishna\.m2\repository\org\jdom\jdom2\2.0.6.1\jdom2-2.0.6.1.jar;C:\Users\Krishna\.m2\repository\org\apache\daffodil\daffodil-schematron_2.12\3.10.0\daffodil-schematron_2.12-3.10.0.jar;C:\Users\Krishna\.m2\repository\org\apache\daffodil\daffodil-lib_2.12\3.10.0\daffodil-lib_2.12-3.10.0.jar;C:\Users\Krishna\.m2\repository\net\sf\saxon\Saxon-HE\12.5\Saxon-HE-12.5.jar;C:\Users\Krishna\.m2\repository\org\xmlresolver\xmlresolver\5.2.2\xmlresolver-5.2.2.jar;C:\Users\Krishna\.m2\repository\org\apache\httpcomponents\client5\httpclient5\5.4.2\httpclient5-5.4.2.jar;C:\Users\Krishna\.m2\repository\org\apache\httpcomponents\core5\httpcore5-h2\5.3.3\httpcore5-h2-5.3.3.jar;C:\Users\Krishna\.m2\repository\org\apache\httpcomponents\core5\httpcore5\5.3.3\httpcore5-5.3.3.jar;C:\Users\Krishna\.m2\repository\org\xmlresolver\xmlresolver\5.2.2\xmlresolver-5.2.2-data.jar;C:\Users\Krishna\.m2\repository\org\smooks\cartridges\smooks-javabean-cartridge\2.0.3\smooks-javabean-cartridge-2.0.3.jar;C:\Users\Krishna\.m2\repository\org\apache\xmlgraphics\fop\2.8\fop-2.8.jar;C:\Users\Krishna\.m2\repository\org\apache\xmlgraphics\fop-util\2.8\fop-util-2.8.jar;C:\Users\Krishna\.m2\repository\org\apache\xmlgraphics\xmlgraphics-commons\2.8\xmlgraphics-commons-2.8.jar;C:\Users\Krishna\.m2\repository\org\apache\xmlgraphics\fop-events\2.8\fop-events-2.8.jar;C:\Users\Krishna\.m2\repository\com\thoughtworks\qdox\qdox\1.12\qdox-1.12.jar;C:\Users\Krishna\.m2\repository\commons-io\commons-io\2.11.0\commons-io-2.11.0.jar;C:\Users\Krishna\.m2\repository\org\apache\xmlgraphics\fop-core\2.8\fop-core-2.8.jar;C:\Users\Krishna\.m2\repository\org\apache\xmlgraphics\batik-anim\1.16\batik-anim-1.16.jar;C:\Users\Krishna\.m2\repository\org\apache\xmlgraphics\batik-css\1.16\batik-css-1.16.jar;C:\Users\Krishna\.m2\repository\org\apache\xmlgraphics\batik-dom\1.16\batik-dom-1.16.jar;C:\Users\Krishna\.m2\repository\org\apache\xmlgraphics\batik-ext\1.16\batik-ext-1.16.jar;C:\Users\Krishna\.m2\repository\org\apache\xmlgraphics\batik-parser\1.16\batik-parser-1.16.jar;C:\Users\Krishna\.m2\repository\org\apache\xmlgraphics\batik-shared-resources\1.16\batik-shared-resources-1.16.jar;C:\Users\Krishna\.m2\repository\org\apache\xmlgraphics\batik-svg-dom\1.16\batik-svg-dom-1.16.jar;C:\Users\Krishna\.m2\repository\org\apache\xmlgraphics\batik-util\1.16\batik-util-1.16.jar;C:\Users\Krishna\.m2\repository\org\apache\xmlgraphics\batik-constants\1.16\batik-constants-1.16.jar;C:\Users\Krishna\.m2\repository\org\apache\xmlgraphics\batik-i18n\1.16\batik-i18n-1.16.jar;C:\Users\Krishna\.m2\repository\xml-apis\xml-apis-ext\1.3.04\xml-apis-ext-1.3.04.jar;C:\Users\Krishna\.m2\repository\org\apache\xmlgraphics\batik-awt-util\1.16\batik-awt-util-1.16.jar;C:\Users\Krishna\.m2\repository\org\apache\xmlgraphics\batik-bridge\1.16\batik-bridge-1.16.jar;C:\Users\Krishna\.m2\repository\org\apache\xmlgraphics\batik-script\1.16\batik-script-1.16.jar;C:\Users\Krishna\.m2\repository\org\apache\xmlgraphics\batik-xml\1.16\batik-xml-1.16.jar;C:\Users\Krishna\.m2\repository\org\apache\xmlgraphics\batik-extension\1.16\batik-extension-1.16.jar;C:\Users\Krishna\.m2\repository\org\apache\xmlgraphics\batik-gvt\1.16\batik-gvt-1.16.jar;C:\Users\Krishna\.m2\repository\org\apache\xmlgraphics\batik-transcoder\1.16\batik-transcoder-1.16.jar;C:\Users\Krishna\.m2\repository\org\apache\xmlgraphics\batik-svggen\1.16\batik-svggen-1.16.jar;C:\Users\Krishna\.m2\repository\commons-logging\commons-logging\1.0.4\commons-logging-1.0.4.jar;C:\Users\Krishna\.m2\repository\org\apache\pdfbox\fontbox\2.0.24\fontbox-2.0.24.jar
Launcher Type: SUN_STANDARD

[Global flags]
     intx CICompilerCount                          = 4                                         {product} {ergonomic}
     uint ConcGCThreads                            = 3                                         {product} {ergonomic}
     uint G1ConcRefinementThreads                  = 10                                        {product} {ergonomic}
   size_t G1HeapRegionSize                         = 2097152                                   {product} {ergonomic}
    uintx GCDrainStackTargetSize                   = 64                                        {product} {ergonomic}
   size_t InitialHeapSize                          = 264241152                                 {product} {ergonomic}
   size_t MarkStackSize                            = 4194304                                   {product} {ergonomic}
   size_t MaxHeapSize                              = 4217372672                                {product} {ergonomic}
   size_t MaxNewSize                               = 2529165312                                {product} {ergonomic}
   size_t MinHeapDeltaBytes                        = 2097152                                   {product} {ergonomic}
   size_t MinHeapSize                              = 8388608                                   {product} {ergonomic}
    uintx NonNMethodCodeHeapSize                   = 5839372                                {pd product} {ergonomic}
    uintx NonProfiledCodeHeapSize                  = 122909434                              {pd product} {ergonomic}
    uintx ProfiledCodeHeapSize                     = 122909434                              {pd product} {ergonomic}
    uintx ReservedCodeCacheSize                    = 251658240                              {pd product} {ergonomic}
     bool SegmentedCodeCache                       = true                                      {product} {ergonomic}
     bool ShowCodeDetailsInExceptionMessages       = true                                   {manageable} {command line}
   size_t SoftMaxHeapSize                          = 4217372672                             {manageable} {ergonomic}
     bool UseCompressedOops                        = true                           {product lp64_product} {ergonomic}
     bool UseG1GC                                  = true                                      {product} {ergonomic}
     bool UseLargePagesIndividualAllocation        = false                                  {pd product} {ergonomic}

Logging:
Log output configuration:
 #0: stdout all=warning uptime,level,tags foldmultilines=false
 #1: stderr all=off uptime,level,tags foldmultilines=false

Environment Variables:
PATH=C:\Program Files\Common Files\Oracle\Java\javapath;C:\Program Files\Microsoft MPI\Bin\;C:\Windows\system32;C:\Windows;C:\Windows\System32\Wbem;C:\Windows\System32\WindowsPowerShell\v1.0\;C:\Windows\System32\OpenSSH\;C:\Program Files\nodejs\;C:\Program Files\dotnet\;C:\Tools;C:\Program Files\Microsoft SQL Server\Client SDK\ODBC\170\Tools\Binn\;C:\Program Files\Microsoft SQL Server\160\DTS\Binn\;C:\WINDOWS\system32;C:\WINDOWS;C:\WINDOWS\System32\Wbem;C:\WINDOWS\System32\WindowsPowerShell\v1.0\;C:\WINDOWS\System32\OpenSSH\;C:\Program Files (x86)\Microsoft SQL Server\160\DTS\Binn\;C:\Program Files\Git\cmd;C:\Program Files\Docker\Docker\resources\bin;C:\Program Files\MySQL\MySQL Shell 8.0\bin\;C:\Users\Krishna\AppData\Local\Programs\Python\Python312\Scripts\;C:\Users\Krishna\AppData\Local\Programs\Python\Python312\;C:\Users\Krishna\AppData\Local\Microsoft\WindowsApps;C:\Users\Krishna\AppData\Local\Programs\Microsoft VS Code\bin;C:\Users\Krishna\AppData\Roaming\npm;C:\Tools;C:\Users\Krishna\.dotnet\tools;C:\Users\Krishna\AppData\Local\Microsoft\WindowsApps;C:\Program Files\JetBrains\IntelliJ IDEA 2024.3.2\bin;;C:\buildTools\apache-maven-3.9.9\bin;C:\Users\Krishna\.dotnet\tools
USERNAME=Krishna
LANG=en_US.UTF-8
OS=Windows_NT
PROCESSOR_IDENTIFIER=Intel64 Family 6 Model 154 Stepping 4, GenuineIntel
TMP=C:\Users\Krishna\AppData\Local\Temp
TEMP=C:\Users\Krishna\AppData\Local\Temp




Periodic native trim disabled

---------------  S Y S T E M  ---------------

OS:
 Windows 11 , 64 bit Build 26100 (10.0.26100.3775)
OS uptime: 9 days 0:43 hours
Hyper-V role detected

CPU: total 12 (initial active 12) (6 cores per cpu, 2 threads per core) family 6 model 154 stepping 4 microcode 0x424, cx8, cmov, fxsr, ht, mmx, 3dnowpref, sse, sse2, sse3, ssse3, sse4.1, sse4.2, popcnt, lzcnt, tsc, tscinvbit, avx, avx2, aes, erms, clmul, bmi1, bmi2, adx, sha, fma, vzeroupper, clflush, clflushopt, clwb, hv, serialize, rdtscp, rdpid, fsrm, f16c, cet_ibt, cet_ss
Processor Information for all 12 processors :
  Max Mhz: 1300, Current Mhz: 1300, Mhz Limit: 1300

Memory: 4k page, system-wide physical 16087M (2166M free)
TotalPageFile size 34146M (AvailPageFile size 2882M)
current process WorkingSet (physical memory assigned to process): 247M, peak: 297M
current process commit charge ("private bytes"): 286M, peak: 418M

vm_info: Java HotSpot(TM) 64-Bit Server VM (21.0.5+9-LTS-239) for windows-amd64 JRE (21.0.5+9-LTS-239), built on 2024-09-30T05:17:38Z by "mach5one" with MS VC++ 17.6 (VS2022)

END.
